// Jest Snapshot v1, https://goo.gl/fbAQLP

exports[`<StatsContainer /> renders correctly 1`] = `
<StatsComponent
  repository={
    Object {
      "forks": 1,
      "stargazers_count": 1,
      "watchers": 1,
    }
  }
/>
`;
