// Jest Snapshot v1, https://goo.gl/fbAQLP

exports[`<DetailsContainer /> renders correctly 1`] = `
<DetailsComponent
  repository={Object {}}
/>
`;
