// Jest Snapshot v1, https://goo.gl/fbAQLP

exports[`<LanguageRowContainer /> renders correctly 1`] = `
<LanguageRowComponent
  languageName="name"
  percentage="1"
/>
`;
