// Jest Snapshot v1, https://goo.gl/fbAQLP

exports[`<RepotisoryRowContainer /> renders correctly 1`] = `
<RepotisoryRowComponent
  handleClick={[Function]}
  repository={Object {}}
/>
`;
