// Jest Snapshot v1, https://goo.gl/fbAQLP

exports[`<HomePageContainer /> renders correctly 1`] = `<HomePageComponent />`;
